METRIC MEMBER                 0  Name: 225 (ru_utime), Descr.: 224 (user CPU time used), Type: RESOURCE USAGE, Mode: ACCUMULATED, Value type: 4, Base: 10, Exponent: -6, Unit: 223 (s)
METRIC MEMBER                 1  Name: 227 (ru_stime), Descr.: 226 (system CPU time used), Type: RESOURCE USAGE, Mode: ACCUMULATED, Value type: 4, Base: 10, Exponent: -6, Unit: 223 (s)
METRIC CLASS                  0  occurrence: SYNCHRONOUS_STRICT, number of metrics: 2, metric members: 0 1
