METRIC                               0  1346159006658225920  Metric: 0, 1 Values: (UINT64; 20000)
METRIC                               0  1346159006658225920  Metric: 2, 2 Values: (UINT64; 10000), (UINT64; 14312)
METRIC                               0  1346159006658238976  Metric: 0, 1 Values: (UINT64; 20000)
METRIC                               0  1346159006658238976  Metric: 2, 2 Values: (UINT64; 10000), (UINT64; 14312)
METRIC                               0  1346159006658300672  Metric: 0, 1 Values: (UINT64; 20000)
METRIC                               0  1346159006658300672  Metric: 2, 2 Values: (UINT64; 10000), (UINT64; 14312)
METRIC                               0  1346159006658305280  Metric: 0, 1 Values: (UINT64; 20000)
METRIC                               0  1346159006658305280  Metric: 2, 2 Values: (UINT64; 10000), (UINT64; 14312)
METRIC                               0  1346159006658392320  Metric: 0, 1 Values: (UINT64; 30000)
METRIC                               0  1346159006658392320  Metric: 2, 2 Values: (UINT64; 10000), (UINT64; 14312)
METRIC                               0  1346159006658396672  Metric: 0, 1 Values: (UINT64; 30000)
METRIC                               0  1346159006658396672  Metric: 2, 2 Values: (UINT64; 10000), (UINT64; 14312)
METRIC                               0  1346159006687023360  Metric: 0, 1 Values: (UINT64; 30000)
METRIC                               0  1346159006687023360  Metric: 2, 2 Values: (UINT64; 30000), (UINT64; 75316)
METRIC                               0  1346159006687030272  Metric: 0, 1 Values: (UINT64; 30000)
METRIC                               0  1346159006687030272  Metric: 2, 2 Values: (UINT64; 30000), (UINT64; 75316)
METRIC                               0  1346159006687032064  Metric: 0, 1 Values: (UINT64; 30000)
METRIC                               0  1346159006687032064  Metric: 2, 2 Values: (UINT64; 30000), (UINT64; 75316)
METRIC                               0  1346159006687033600  Metric: 0, 1 Values: (UINT64; 30000)
METRIC                               0  1346159006687033600  Metric: 2, 2 Values: (UINT64; 30000), (UINT64; 75316)
METRIC                               0  1346159006687043840  Metric: 0, 1 Values: (UINT64; 30000)
METRIC                               0  1346159006687043840  Metric: 2, 2 Values: (UINT64; 30000), (UINT64; 75316)
METRIC                               0  1346159006687051264  Metric: 0, 1 Values: (UINT64; 30000)
METRIC                               0  1346159006687051264  Metric: 2, 2 Values: (UINT64; 30000), (UINT64; 75316)
METRIC                               0  1346159006687055104  Metric: 0, 1 Values: (UINT64; 30000)
METRIC                               0  1346159006687055104  Metric: 2, 2 Values: (UINT64; 30000), (UINT64; 75316)
METRIC                               0  1346159006687062784  Metric: 0, 1 Values: (UINT64; 30000)
METRIC                               0  1346159006687062784  Metric: 2, 2 Values: (UINT64; 30000), (UINT64; 75316)
METRIC                               0  1346159006687077632  Metric: 0, 1 Values: (UINT64; 30000)
METRIC                               0  1346159006687077632  Metric: 2, 2 Values: (UINT64; 30000), (UINT64; 75316)
METRIC                               0  1346159006687079680  Metric: 0, 1 Values: (UINT64; 30000)
METRIC                               0  1346159006687079680  Metric: 2, 2 Values: (UINT64; 30000), (UINT64; 75316)
METRIC                               0  1346159006695668480  Metric: 0, 1 Values: (UINT64; 40000)
METRIC                               0  1346159006695668480  Metric: 2, 2 Values: (UINT64; 30000), (UINT64; 106468)
METRIC                               0  1346159006695675648  Metric: 0, 1 Values: (UINT64; 40000)
METRIC                               0  1346159006695675648  Metric: 2, 2 Values: (UINT64; 30000), (UINT64; 106468)
METRIC                               0  1346159006695676928  Metric: 0, 1 Values: (UINT64; 40000)
METRIC                               0  1346159006695676928  Metric: 2, 2 Values: (UINT64; 30000), (UINT64; 106468)
METRIC                               0  1346159006695677696  Metric: 0, 1 Values: (UINT64; 40000)
METRIC                               0  1346159006695677696  Metric: 2, 2 Values: (UINT64; 30000), (UINT64; 106468)
METRIC                               0  1346159006711450368  Metric: 0, 1 Values: (UINT64; 60000)
METRIC                               0  1346159006711450368  Metric: 2, 2 Values: (UINT64; 30000), (UINT64; 106468)
METRIC                               0  1346159006711456256  Metric: 0, 1 Values: (UINT64; 60000)
METRIC                               0  1346159006711456256  Metric: 2, 2 Values: (UINT64; 30000), (UINT64; 106468)
METRIC                               0  1346159006711457024  Metric: 0, 1 Values: (UINT64; 60000)
METRIC                               0  1346159006711457024  Metric: 2, 2 Values: (UINT64; 30000), (UINT64; 106468)
METRIC                               0  1346159006711457792  Metric: 0, 1 Values: (UINT64; 60000)
METRIC                               0  1346159006711457792  Metric: 2, 2 Values: (UINT64; 30000), (UINT64; 106468)
METRIC                               0  1346159006711458560  Metric: 0, 1 Values: (UINT64; 60000)
METRIC                               0  1346159006711458560  Metric: 2, 2 Values: (UINT64; 30000), (UINT64; 106468)
METRIC                               0  1346159006711459328  Metric: 0, 1 Values: (UINT64; 60000)
METRIC                               0  1346159006711459328  Metric: 2, 2 Values: (UINT64; 30000), (UINT64; 106468)
METRIC                               0  1346159006711465728  Metric: 0, 1 Values: (UINT64; 60000)
METRIC                               0  1346159006711465728  Metric: 2, 2 Values: (UINT64; 30000), (UINT64; 106468)
METRIC                               0  1346159006711466496  Metric: 0, 1 Values: (UINT64; 60000)
METRIC                               0  1346159006711466496  Metric: 2, 2 Values: (UINT64; 30000), (UINT64; 106468)
METRIC                               0  1346159006716763904  Metric: 0, 1 Values: (UINT64; 60000)
METRIC                               0  1346159006716763904  Metric: 2, 2 Values: (UINT64; 30000), (UINT64; 106468)
METRIC                               0  1346159006716769536  Metric: 0, 1 Values: (UINT64; 60000)
METRIC                               0  1346159006716769536  Metric: 2, 2 Values: (UINT64; 30000), (UINT64; 106468)
METRIC                               0  1346159006716770304  Metric: 0, 1 Values: (UINT64; 60000)
METRIC                               0  1346159006716770304  Metric: 2, 2 Values: (UINT64; 30000), (UINT64; 106468)
METRIC                               0  1346159006716771072  Metric: 0, 1 Values: (UINT64; 60000)
METRIC                               0  1346159006716771072  Metric: 2, 2 Values: (UINT64; 30000), (UINT64; 106468)
METRIC                               0  1346159006732454656  Metric: 0, 1 Values: (UINT64; 80000)
METRIC                               0  1346159006732454656  Metric: 2, 2 Values: (UINT64; 30000), (UINT64; 106468)
METRIC                               0  1346159006732548608  Metric: 0, 1 Values: (UINT64; 80000)
METRIC                               0  1346159006732548608  Metric: 2, 2 Values: (UINT64; 30000), (UINT64; 106468)
METRIC                               0  1346159006732549888  Metric: 0, 1 Values: (UINT64; 80000)
METRIC                               0  1346159006732549888  Metric: 2, 2 Values: (UINT64; 30000), (UINT64; 106468)
METRIC                               0  1346159006732550656  Metric: 0, 1 Values: (UINT64; 80000)
METRIC                               0  1346159006732550656  Metric: 2, 2 Values: (UINT64; 30000), (UINT64; 106468)
METRIC                               0  1346159006732551680  Metric: 0, 1 Values: (UINT64; 80000)
METRIC                               0  1346159006732551680  Metric: 2, 2 Values: (UINT64; 30000), (UINT64; 106468)
METRIC                               0  1346159006732552448  Metric: 0, 1 Values: (UINT64; 80000)
METRIC                               0  1346159006732552448  Metric: 2, 2 Values: (UINT64; 30000), (UINT64; 106468)
METRIC                               0  1346159006732560128  Metric: 0, 1 Values: (UINT64; 80000)
METRIC                               0  1346159006732560128  Metric: 2, 2 Values: (UINT64; 30000), (UINT64; 106468)
METRIC                               0  1346159006732560896  Metric: 0, 1 Values: (UINT64; 80000)
METRIC                               0  1346159006732560896  Metric: 2, 2 Values: (UINT64; 30000), (UINT64; 106468)
METRIC                               0  1346159006737832960  Metric: 0, 1 Values: (UINT64; 80000)
METRIC                               0  1346159006737832960  Metric: 2, 2 Values: (UINT64; 30000), (UINT64; 106468)
METRIC                               0  1346159006737839360  Metric: 0, 1 Values: (UINT64; 80000)
METRIC                               0  1346159006737839360  Metric: 2, 2 Values: (UINT64; 30000), (UINT64; 106468)
METRIC                               0  1346159006737840128  Metric: 0, 1 Values: (UINT64; 80000)
METRIC                               0  1346159006737840128  Metric: 2, 2 Values: (UINT64; 30000), (UINT64; 106468)
METRIC                               0  1346159006737840896  Metric: 0, 1 Values: (UINT64; 80000)
METRIC                               0  1346159006737840896  Metric: 2, 2 Values: (UINT64; 30000), (UINT64; 106468)
METRIC                               0  1346159006753521920  Metric: 0, 1 Values: (UINT64; 100000)
METRIC                               0  1346159006753521920  Metric: 2, 2 Values: (UINT64; 30000), (UINT64; 106468)
METRIC                               0  1346159006753584640  Metric: 0, 1 Values: (UINT64; 100000)
METRIC                               0  1346159006753584640  Metric: 2, 2 Values: (UINT64; 30000), (UINT64; 106468)
METRIC                               0  1346159006753585664  Metric: 0, 1 Values: (UINT64; 100000)
METRIC                               0  1346159006753585664  Metric: 2, 2 Values: (UINT64; 30000), (UINT64; 106468)
METRIC                               0  1346159006753586432  Metric: 0, 1 Values: (UINT64; 100000)
METRIC                               0  1346159006753586432  Metric: 2, 2 Values: (UINT64; 30000), (UINT64; 106468)
METRIC                               0  1346159006753587456  Metric: 0, 1 Values: (UINT64; 100000)
METRIC                               0  1346159006753587456  Metric: 2, 2 Values: (UINT64; 30000), (UINT64; 106468)
METRIC                               0  1346159006753587968  Metric: 0, 1 Values: (UINT64; 100000)
METRIC                               0  1346159006753587968  Metric: 2, 2 Values: (UINT64; 30000), (UINT64; 106468)
METRIC                               0  1346159006753593600  Metric: 0, 1 Values: (UINT64; 100000)
METRIC                               0  1346159006753593600  Metric: 2, 2 Values: (UINT64; 30000), (UINT64; 106468)
METRIC                               0  1346159006753594624  Metric: 0, 1 Values: (UINT64; 100000)
METRIC                               0  1346159006753594624  Metric: 2, 2 Values: (UINT64; 30000), (UINT64; 106468)
METRIC                               0  1346159006758861824  Metric: 0, 1 Values: (UINT64; 100000)
METRIC                               0  1346159006758861824  Metric: 2, 2 Values: (UINT64; 30000), (UINT64; 106468)
METRIC                               0  1346159006758874880  Metric: 0, 1 Values: (UINT64; 100000)
METRIC                               0  1346159006758874880  Metric: 2, 2 Values: (UINT64; 30000), (UINT64; 106468)
METRIC                               0  1346159006758876160  Metric: 0, 1 Values: (UINT64; 100000)
METRIC                               0  1346159006758876160  Metric: 2, 2 Values: (UINT64; 30000), (UINT64; 106468)
METRIC                               0  1346159006758877184  Metric: 0, 1 Values: (UINT64; 100000)
METRIC                               0  1346159006758877184  Metric: 2, 2 Values: (UINT64; 30000), (UINT64; 106468)
METRIC                               0  1346159006774548736  Metric: 0, 1 Values: (UINT64; 120000)
METRIC                               0  1346159006774548736  Metric: 2, 2 Values: (UINT64; 30000), (UINT64; 106468)
METRIC                               0  1346159006774652928  Metric: 0, 1 Values: (UINT64; 120000)
METRIC                               0  1346159006774652928  Metric: 2, 2 Values: (UINT64; 30000), (UINT64; 106468)
METRIC                               0  1346159006774653952  Metric: 0, 1 Values: (UINT64; 120000)
METRIC                               0  1346159006774653952  Metric: 2, 2 Values: (UINT64; 30000), (UINT64; 106468)
METRIC                               0  1346159006774654720  Metric: 0, 1 Values: (UINT64; 120000)
METRIC                               0  1346159006774654720  Metric: 2, 2 Values: (UINT64; 30000), (UINT64; 106468)
METRIC                               0  1346159006774655744  Metric: 0, 1 Values: (UINT64; 120000)
METRIC                               0  1346159006774655744  Metric: 2, 2 Values: (UINT64; 30000), (UINT64; 106468)
METRIC                               0  1346159006774656512  Metric: 0, 1 Values: (UINT64; 120000)
METRIC                               0  1346159006774656512  Metric: 2, 2 Values: (UINT64; 30000), (UINT64; 106468)
METRIC                               0  1346159006774663424  Metric: 0, 1 Values: (UINT64; 120000)
METRIC                               0  1346159006774663424  Metric: 2, 2 Values: (UINT64; 30000), (UINT64; 106468)
METRIC                               0  1346159006774664192  Metric: 0, 1 Values: (UINT64; 120000)
METRIC                               0  1346159006774664192  Metric: 2, 2 Values: (UINT64; 30000), (UINT64; 106468)
METRIC                               0  1346159006779954432  Metric: 0, 1 Values: (UINT64; 130000)
METRIC                               0  1346159006779954432  Metric: 2, 2 Values: (UINT64; 30000), (UINT64; 106468)
METRIC                               0  1346159006779965952  Metric: 0, 1 Values: (UINT64; 130000)
METRIC                               0  1346159006779965952  Metric: 2, 2 Values: (UINT64; 30000), (UINT64; 106468)
METRIC                               0  1346159006779967232  Metric: 0, 1 Values: (UINT64; 130000)
METRIC                               0  1346159006779967232  Metric: 2, 2 Values: (UINT64; 30000), (UINT64; 106468)
METRIC                               0  1346159006779968000  Metric: 0, 1 Values: (UINT64; 130000)
METRIC                               0  1346159006779968000  Metric: 2, 2 Values: (UINT64; 30000), (UINT64; 106468)
METRIC                               0  1346159006795608832  Metric: 0, 1 Values: (UINT64; 140000)
METRIC                               0  1346159006795608832  Metric: 2, 2 Values: (UINT64; 30000), (UINT64; 106468)
METRIC                               0  1346159006795710464  Metric: 0, 1 Values: (UINT64; 140000)
METRIC                               0  1346159006795710464  Metric: 2, 2 Values: (UINT64; 30000), (UINT64; 106468)
METRIC                               0  1346159006795711488  Metric: 0, 1 Values: (UINT64; 140000)
METRIC                               0  1346159006795711488  Metric: 2, 2 Values: (UINT64; 30000), (UINT64; 106468)
METRIC                               0  1346159006795712256  Metric: 0, 1 Values: (UINT64; 140000)
METRIC                               0  1346159006795712256  Metric: 2, 2 Values: (UINT64; 30000), (UINT64; 106468)
METRIC                               0  1346159006795713024  Metric: 0, 1 Values: (UINT64; 140000)
METRIC                               0  1346159006795713024  Metric: 2, 2 Values: (UINT64; 30000), (UINT64; 106468)
METRIC                               0  1346159006795713792  Metric: 0, 1 Values: (UINT64; 140000)
METRIC                               0  1346159006795713792  Metric: 2, 2 Values: (UINT64; 30000), (UINT64; 106468)
METRIC                               0  1346159006797469952  Metric: 0, 1 Values: (UINT64; 140000)
METRIC                               0  1346159006797469952  Metric: 2, 2 Values: (UINT64; 30000), (UINT64; 106468)
METRIC                               0  1346159006797472768  Metric: 0, 1 Values: (UINT64; 140000)
METRIC                               0  1346159006797472768  Metric: 2, 2 Values: (UINT64; 30000), (UINT64; 106468)
METRIC                               0  1346159006797474048  Metric: 0, 1 Values: (UINT64; 140000)
METRIC                               0  1346159006797474048  Metric: 2, 2 Values: (UINT64; 30000), (UINT64; 106468)
METRIC                               0  1346159006797479424  Metric: 0, 1 Values: (UINT64; 140000)
METRIC                               0  1346159006797479424  Metric: 2, 2 Values: (UINT64; 30000), (UINT64; 106468)
METRIC                               0  1346159006839324928  Metric: 0, 1 Values: (UINT64; 180000)
METRIC                               0  1346159006839324928  Metric: 2, 2 Values: (UINT64; 30000), (UINT64; 106468)
METRIC                               0  1346159006839338496  Metric: 0, 1 Values: (UINT64; 180000)
METRIC                               0  1346159006839338496  Metric: 2, 2 Values: (UINT64; 30000), (UINT64; 106468)
METRIC                               0  1346159006839369728  Metric: 0, 1 Values: (UINT64; 180000)
METRIC                               0  1346159006839369728  Metric: 2, 2 Values: (UINT64; 30000), (UINT64; 106468)
METRIC                               0  1346159006839372288  Metric: 0, 1 Values: (UINT64; 180000)
METRIC                               0  1346159006839372288  Metric: 2, 2 Values: (UINT64; 30000), (UINT64; 106468)
METRIC                               0  1346159006843850496  Metric: 0, 1 Values: (UINT64; 180000)
METRIC                               0  1346159006843850496  Metric: 2, 2 Values: (UINT64; 40000), (UINT64; 106468)
METRIC                               0  1346159006843859456  Metric: 0, 1 Values: (UINT64; 180000)
METRIC                               0  1346159006843859456  Metric: 2, 2 Values: (UINT64; 40000), (UINT64; 106468)
