METRIC MEMBER                 0  Name: 209 (ru_utime), Descr.: 208 (user CPU time used), Type: RESOURCE USAGE, Mode: ACCUMULATED, Value type: 4, Base: 10, Exponent: -6, Unit: 207 (s)
METRIC MEMBER                 1  Name: 211 (ru_stime), Descr.: 210 (system CPU time used), Type: RESOURCE USAGE, Mode: ACCUMULATED, Value type: 4, Base: 10, Exponent: -6, Unit: 207 (s)
METRIC CLASS                  0  occurrence: SYNCHRONOUS_STRICT, number of metrics: 2, metric members: 0 1
